
The default interactive shell is now zsh.
To update your account to use zsh, please run `chsh -s /bin/zsh`.
For more details, please visit https://support.apple.com/kb/HT208050.
MacBook-Air-Andrej:HelloGit andrejvolkov$ git status
On branch main

No commits yet

Untracked files:
  (use "git add <file>..." to include in what will be committed)
        File 1

nothing added to commit but untracked files present (use "git add" to track)
MacBook-Air-Andrej:HelloGit andrejvolkov$ git add File\ 1 
MacBook-Air-Andrej:HelloGit andrejvolkov$ git commit -m "add new File"
[main (root-commit) 75f579b] add new File
 1 file changed, 1 insertion(+)
 create mode 100644 File 1
MacBook-Air-Andrej:HelloGit andrejvolkov$ git status
On branch main
Your branch is based on 'origin/main', but the upstream is gone.
  (use "git branch --unset-upstream" to fixup)

nothing to commit, working tree clean
MacBook-Air-Andrej:HelloGit andrejvolkov$ git branch --unset-upstream
MacBook-Air-Andrej:HelloGit andrejvolkov$ git status
On branch main
Your branch is up to date with 'origin/main'.

Untracked files:
  (use "git add <file>..." to include in what will be committed)
        File 2.txt
        File 3.txt

nothing added to commit but untracked files present (use "git add" to track)
MacBook-Air-Andrej:HelloGit andrejvolkov$ git add 
.git/       File 1      File 2.txt  File 3.txt  
MacBook-Air-Andrej:HelloGit andrejvolkov$ git add File 2.txt
fatal: pathspec 'File' did not match any files
MacBook-Air-Andrej:HelloGit andrejvolkov$ git status
On branch main
Your branch is up to date with 'origin/main'.

Untracked files:
  (use "git add <file>..." to include in what will be committed)
        File 2.txt
        File 3.txt

nothing added to commit but untracked files present (use "git add" to track)
MacBook-Air-Andrej:HelloGit andrejvolkov$ Git add 
.git/       File 1      File 2.txt  File 3.txt  
MacBook-Air-Andrej:HelloGit andrejvolkov$ Git add File 2.txt
fatal: pathspec 'File' did not match any files
MacBook-Air-Andrej:HelloGit andrejvolkov$ git status
On branch main
Your branch is up to date with 'origin/main'.

Changes to be committed:
  (use "git restore --staged <file>..." to unstage)
        new file:   File 2.txt
        new file:   File 3.txt

MacBook-Air-Andrej:HelloGit andrejvolkov$ git commit -m "add 2 new file"
[main cb0d863] add 2 new file
 2 files changed, 0 insertions(+), 0 deletions(-)
 create mode 100644 File 2.txt
 create mode 100644 File 3.txt
MacBook-Air-Andrej:HelloGit andrejvolkov$ git status
On branch main
Your branch is ahead of 'origin/main' by 1 commit.
  (use "git push" to publish your local commits)

nothing to commit, working tree clean
MacBook-Air-Andrej:HelloGit andrejvolkov$ git log
commit cb0d863164f416a410e21855f12aaa564290069e (HEAD -> main)
Author: AndreyVolkov <volk_bur-gora@mail.ru>
Date:   Wed Jun 8 20:01:07 2022 +0300

    add 2 new file

commit 75f579b903c00e14b826a4fcb6feb9573900419c (origin/main)
Author: AndreyVolkov <volk_bur-gora@mail.ru>
Date:   Wed Jun 8 19:31:55 2022 +0300

    add new File
MacBook-Air-Andrej:HelloGit andrejvolkov$ git pull
Updating cb0d863..0a9020a
Fast-forward
 File 2.txt | 1 +
 1 file changed, 1 insertion(+)
MacBook-Air-Andrej:HelloGit andrejvolkov$ git pull
Already up to date.
MacBook-Air-Andrej:HelloGit andrejvolkov$ git status
On branch main
Your branch is up to date with 'origin/main'.

nothing to commit, working tree clean
MacBook-Air-Andrej:HelloGit andrejvolkov$ git branch second
MacBook-Air-Andrej:HelloGit andrejvolkov$ git branch 
* main
  second
MacBook-Air-Andrej:HelloGit andrejvolkov$ git checkout second
Switched to branch 'second'
MacBook-Air-Andrej:HelloGit andrejvolkov$ git status
On branch second
Changes not staged for commit:
  (use "git add <file>..." to update what will be committed)
  (use "git restore <file>..." to discard changes in working directory)
        modified:   File 3.txt

no changes added to commit (use "git add" and/or "git commit -a")
MacBook-Air-Andrej:HelloGit andrejvolkov$ git add File 3.txt
fatal: pathspec 'File' did not match any files
MacBook-Air-Andrej:HelloGit andrejvolkov$ git commit -m "add text"
On branch second
Changes not staged for commit:
  (use "git add <file>..." to update what will be committed)
  (use "git restore <file>..." to discard changes in working directory)
        modified:   File 3.txt

no changes added to commit (use "git add" and/or "git commit -a")
MacBook-Air-Andrej:HelloGit andrejvolkov$ git add 
.git/       File 1      File 2.txt  File 3.txt  
MacBook-Air-Andrej:HelloGit andrejvolkov$ git add File 3.txt
fatal: pathspec 'File' did not match any files
MacBook-Air-Andrej:HelloGit andrejvolkov$ git status
On branch second
Changes to be committed:
  (use "git restore --staged <file>..." to unstage)
        modified:   File 3.txt

MacBook-Air-Andrej:HelloGit andrejvolkov$ git commit -m "add text"
[second 9e0a953] add text
 1 file changed, 1 insertion(+)
MacBook-Air-Andrej:HelloGit andrejvolkov$ git push
fatal: The current branch second has no upstream branch.
To push the current branch and set the remote as upstream, use

    git push --set-upstream origin second

MacBook-Air-Andrej:HelloGit andrejvolkov$ git pull
Already up to date.
MacBook-Air-Andrej:HelloGit andrejvolkov$ git branch
  main
* second
MacBook-Air-Andrej:HelloGit andrejvolkov$ git pull
Already up to date.
MacBook-Air-Andrej:HelloGit andrejvolkov$ git checkout main
Switched to branch 'main'
Your branch is behind 'origin/main' by 2 commits, and can be fast-forwarded.
  (use "git pull" to update your local branch)
MacBook-Air-Andrej:HelloGit andrejvolkov$ git pull
Updating 0a9020a..d8cc46f
Fast-forward
 File 3.txt | 1 +
 1 file changed, 1 insertion(+)
MacBook-Air-Andrej:HelloGit andrejvolkov$ 
